=== step5 MATRIX | 1B silo5 | R=10 K_frac=1.0 lr=0.001 batch=16 val_chunk=10 | ORACLE_B=True COALITION=True | threats=['noisy'] seeds=[0, 1, 2] ===
{'train_runtime': '12.91', 'train_samples_per_second': '12.39', 'train_steps_per_second': '0.774', 'train_loss': '2.185', 'entropy': '1.978', 'num_tokens': '2.512e+04', 'mean_token_accuracy': '0.5272', 'epoch': '0.7692'}
{'train_runtime': '14.45', 'train_samples_per_second': '11.07', 'train_steps_per_second': '0.692', 'train_loss': '3.011', 'entropy': '2.804', 'num_tokens': '3.794e+04', 'mean_token_accuracy': '0.3827', 'epoch': '0.7692'}
{'train_runtime': '6.761', 'train_samples_per_second': '23.67', 'train_steps_per_second': '1.479', 'train_loss': '1.811', 'entropy': '1.372', 'num_tokens': '2.402e+04', 'mean_token_accuracy': '0.6152', 'epoch': '0.7692'}
{'train_runtime': '5.346', 'train_samples_per_second': '29.93', 'train_steps_per_second': '1.87', 'train_loss': '1.858', 'entropy': '1.717', 'num_tokens': '1.456e+04', 'mean_token_accuracy': '0.5947', 'epoch': '0.7692'}
{'train_runtime': '16.86', 'train_samples_per_second': '9.489', 'train_steps_per_second': '0.593', 'train_loss': '2.996', 'entropy': '2.674', 'num_tokens': '5.374e+04', 'mean_token_accuracy': '0.393', 'epoch': '0.7692'}
{'train_runtime': '5.342', 'train_samples_per_second': '29.95', 'train_steps_per_second': '1.872', 'train_loss': '1.856', 'entropy': '1.72', 'num_tokens': '1.456e+04', 'mean_token_accuracy': '0.5949', 'epoch': '0.7692'}
{'train_runtime': '16.86', 'train_samples_per_second': '9.492', 'train_steps_per_second': '0.593', 'train_loss': '2.994', 'entropy': '2.679', 'num_tokens': '5.374e+04', 'mean_token_accuracy': '0.3934', 'epoch': '0.7692'}
{'train_runtime': '6.751', 'train_samples_per_second': '23.7', 'train_steps_per_second': '1.481', 'train_loss': '1.806', 'entropy': '1.376', 'num_tokens': '2.402e+04', 'mean_token_accuracy': '0.6154', 'epoch': '0.7692'}
{'train_runtime': '12.64', 'train_samples_per_second': '12.66', 'train_steps_per_second': '0.791', 'train_loss': '2.183', 'entropy': '1.982', 'num_tokens': '2.512e+04', 'mean_token_accuracy': '0.5271', 'epoch': '0.7692'}
{'train_runtime': '14.43', 'train_samples_per_second': '11.09', 'train_steps_per_second': '0.693', 'train_loss': '3.009', 'entropy': '2.809', 'num_tokens': '3.794e+04', 'mean_token_accuracy': '0.3827', 'epoch': '0.7692'}
{'train_runtime': '12.65', 'train_samples_per_second': '12.65', 'train_steps_per_second': '0.791', 'train_loss': '2.182', 'entropy': '1.986', 'num_tokens': '2.512e+04', 'mean_token_accuracy': '0.5272', 'epoch': '0.7692'}
{'train_runtime': '5.339', 'train_samples_per_second': '29.97', 'train_steps_per_second': '1.873', 'train_loss': '1.854', 'entropy': '1.723', 'num_tokens': '1.456e+04', 'mean_token_accuracy': '0.5953', 'epoch': '0.7692'}
{'train_runtime': '14.44', 'train_samples_per_second': '11.08', 'train_steps_per_second': '0.692', 'train_loss': '3.008', 'entropy': '2.814', 'num_tokens': '3.794e+04', 'mean_token_accuracy': '0.3828', 'epoch': '0.7692'}
{'train_runtime': '6.769', 'train_samples_per_second': '23.64', 'train_steps_per_second': '1.477', 'train_loss': '1.801', 'entropy': '1.379', 'num_tokens': '2.402e+04', 'mean_token_accuracy': '0.6154', 'epoch': '0.7692'}
{'train_runtime': '16.87', 'train_samples_per_second': '9.482', 'train_steps_per_second': '0.593', 'train_loss': '2.992', 'entropy': '2.685', 'num_tokens': '5.374e+04', 'mean_token_accuracy': '0.3938', 'epoch': '0.7692'}
{'train_runtime': '16.86', 'train_samples_per_second': '9.488', 'train_steps_per_second': '0.593', 'train_loss': '2.99', 'entropy': '2.69', 'num_tokens': '5.374e+04', 'mean_token_accuracy': '0.3939', 'epoch': '0.7692'}
{'train_runtime': '5.334', 'train_samples_per_second': '30', 'train_steps_per_second': '1.875', 'train_loss': '1.852', 'entropy': '1.726', 'num_tokens': '1.456e+04', 'mean_token_accuracy': '0.5957', 'epoch': '0.7692'}
{'train_runtime': '12.64', 'train_samples_per_second': '12.66', 'train_steps_per_second': '0.791', 'train_loss': '2.18', 'entropy': '1.991', 'num_tokens': '2.512e+04', 'mean_token_accuracy': '0.5273', 'epoch': '0.7692'}
{'train_runtime': '14.45', 'train_samples_per_second': '11.07', 'train_steps_per_second': '0.692', 'train_loss': '3.006', 'entropy': '2.818', 'num_tokens': '3.794e+04', 'mean_token_accuracy': '0.3828', 'epoch': '0.7692'}
{'train_runtime': '6.756', 'train_samples_per_second': '23.68', 'train_steps_per_second': '1.48', 'train_loss': '1.796', 'entropy': '1.383', 'num_tokens': '2.402e+04', 'mean_token_accuracy': '0.616', 'epoch': '0.7692'}
{'train_runtime': '14.44', 'train_samples_per_second': '11.08', 'train_steps_per_second': '0.693', 'train_loss': '3.005', 'entropy': '2.823', 'num_tokens': '3.794e+04', 'mean_token_accuracy': '0.383', 'epoch': '0.7692'}
{'train_runtime': '12.64', 'train_samples_per_second': '12.66', 'train_steps_per_second': '0.791', 'train_loss': '2.178', 'entropy': '1.995', 'num_tokens': '2.512e+04', 'mean_token_accuracy': '0.5272', 'epoch': '0.7692'}
{'train_runtime': '6.747', 'train_samples_per_second': '23.71', 'train_steps_per_second': '1.482', 'train_loss': '1.791', 'entropy': '1.386', 'num_tokens': '2.402e+04', 'mean_token_accuracy': '0.6159', 'epoch': '0.7692'}
{'train_runtime': '16.85', 'train_samples_per_second': '9.498', 'train_steps_per_second': '0.594', 'train_loss': '2.988', 'entropy': '2.695', 'num_tokens': '5.374e+04', 'mean_token_accuracy': '0.3942', 'epoch': '0.7692'}
{'train_runtime': '5.34', 'train_samples_per_second': '29.96', 'train_steps_per_second': '1.873', 'train_loss': '1.85', 'entropy': '1.73', 'num_tokens': '1.456e+04', 'mean_token_accuracy': '0.5958', 'epoch': '0.7692'}
{'train_runtime': '12.64', 'train_samples_per_second': '12.66', 'train_steps_per_second': '0.791', 'train_loss': '2.177', 'entropy': '1.999', 'num_tokens': '2.512e+04', 'mean_token_accuracy': '0.5273', 'epoch': '0.7692'}
{'train_runtime': '6.761', 'train_samples_per_second': '23.66', 'train_steps_per_second': '1.479', 'train_loss': '1.786', 'entropy': '1.39', 'num_tokens': '2.402e+04', 'mean_token_accuracy': '0.6161', 'epoch': '0.7692'}
{'train_runtime': '16.85', 'train_samples_per_second': '9.493', 'train_steps_per_second': '0.593', 'train_loss': '2.986', 'entropy': '2.7', 'num_tokens': '5.374e+04', 'mean_token_accuracy': '0.3941', 'epoch': '0.7692'}
{'train_runtime': '14.43', 'train_samples_per_second': '11.09', 'train_steps_per_second': '0.693', 'train_loss': '3.003', 'entropy': '2.828', 'num_tokens': '3.794e+04', 'mean_token_accuracy': '0.3834', 'epoch': '0.7692'}
{'train_runtime': '5.361', 'train_samples_per_second': '29.84', 'train_steps_per_second': '1.865', 'train_loss': '1.848', 'entropy': '1.733', 'num_tokens': '1.456e+04', 'mean_token_accuracy': '0.5957', 'epoch': '0.7692'}
{'train_runtime': '5.391', 'train_samples_per_second': '29.68', 'train_steps_per_second': '1.855', 'train_loss': '1.845', 'entropy': '1.736', 'num_tokens': '1.456e+04', 'mean_token_accuracy': '0.5961', 'epoch': '0.7692'}
{'train_runtime': '16.85', 'train_samples_per_second': '9.494', 'train_steps_per_second': '0.593', 'train_loss': '2.984', 'entropy': '2.705', 'num_tokens': '5.374e+04', 'mean_token_accuracy': '0.3945', 'epoch': '0.7692'}
{'train_runtime': '12.64', 'train_samples_per_second': '12.65', 'train_steps_per_second': '0.791', 'train_loss': '2.175', 'entropy': '2.003', 'num_tokens': '2.512e+04', 'mean_token_accuracy': '0.5276', 'epoch': '0.7692'}
{'train_runtime': '6.764', 'train_samples_per_second': '23.66', 'train_steps_per_second': '1.478', 'train_loss': '1.781', 'entropy': '1.394', 'num_tokens': '2.402e+04', 'mean_token_accuracy': '0.6166', 'epoch': '0.7692'}
{'train_runtime': '14.45', 'train_samples_per_second': '11.07', 'train_steps_per_second': '0.692', 'train_loss': '3.002', 'entropy': '2.833', 'num_tokens': '3.794e+04', 'mean_token_accuracy': '0.3836', 'epoch': '0.7692'}
{'train_runtime': '16.9', 'train_samples_per_second': '9.466', 'train_steps_per_second': '0.592', 'train_loss': '2.981', 'entropy': '2.71', 'num_tokens': '5.374e+04', 'mean_token_accuracy': '0.3947', 'epoch': '0.7692'}
{'train_runtime': '5.338', 'train_samples_per_second': '29.97', 'train_steps_per_second': '1.873', 'train_loss': '1.843', 'entropy': '1.74', 'num_tokens': '1.456e+04', 'mean_token_accuracy': '0.5971', 'epoch': '0.7692'}
{'train_runtime': '6.745', 'train_samples_per_second': '23.72', 'train_steps_per_second': '1.483', 'train_loss': '1.776', 'entropy': '1.397', 'num_tokens': '2.402e+04', 'mean_token_accuracy': '0.6171', 'epoch': '0.7692'}
{'train_runtime': '14.44', 'train_samples_per_second': '11.08', 'train_steps_per_second': '0.693', 'train_loss': '3', 'entropy': '2.837', 'num_tokens': '3.794e+04', 'mean_token_accuracy': '0.3837', 'epoch': '0.7692'}
{'train_runtime': '12.64', 'train_samples_per_second': '12.66', 'train_steps_per_second': '0.791', 'train_loss': '2.173', 'entropy': '2.008', 'num_tokens': '2.512e+04', 'mean_token_accuracy': '0.5281', 'epoch': '0.7692'}
{'train_runtime': '6.769', 'train_samples_per_second': '23.64', 'train_steps_per_second': '1.477', 'train_loss': '1.771', 'entropy': '1.401', 'num_tokens': '2.402e+04', 'mean_token_accuracy': '0.6172', 'epoch': '0.7692'}
{'train_runtime': '5.342', 'train_samples_per_second': '29.95', 'train_steps_per_second': '1.872', 'train_loss': '1.841', 'entropy': '1.744', 'num_tokens': '1.456e+04', 'mean_token_accuracy': '0.5974', 'epoch': '0.7692'}
{'train_runtime': '16.86', 'train_samples_per_second': '9.488', 'train_steps_per_second': '0.593', 'train_loss': '2.979', 'entropy': '2.716', 'num_tokens': '5.374e+04', 'mean_token_accuracy': '0.3948', 'epoch': '0.7692'}
{'train_runtime': '14.45', 'train_samples_per_second': '11.07', 'train_steps_per_second': '0.692', 'train_loss': '2.999', 'entropy': '2.842', 'num_tokens': '3.794e+04', 'mean_token_accuracy': '0.3838', 'epoch': '0.7692'}
{'train_runtime': '12.65', 'train_samples_per_second': '12.65', 'train_steps_per_second': '0.791', 'train_loss': '2.172', 'entropy': '2.013', 'num_tokens': '2.512e+04', 'mean_token_accuracy': '0.5284', 'epoch': '0.7692'}
{'train_runtime': '14.45', 'train_samples_per_second': '11.07', 'train_steps_per_second': '0.692', 'train_loss': '2.997', 'entropy': '2.847', 'num_tokens': '3.794e+04', 'mean_token_accuracy': '0.3842', 'epoch': '0.7692'}
{'train_runtime': '12.67', 'train_samples_per_second': '12.62', 'train_steps_per_second': '0.789', 'train_loss': '2.17', 'entropy': '2.017', 'num_tokens': '2.512e+04', 'mean_token_accuracy': '0.5291', 'epoch': '0.7692'}
{'train_runtime': '16.85', 'train_samples_per_second': '9.494', 'train_steps_per_second': '0.593', 'train_loss': '2.977', 'entropy': '2.721', 'num_tokens': '5.374e+04', 'mean_token_accuracy': '0.3954', 'epoch': '0.7692'}
{'train_runtime': '6.762', 'train_samples_per_second': '23.66', 'train_steps_per_second': '1.479', 'train_loss': '1.766', 'entropy': '1.405', 'num_tokens': '2.402e+04', 'mean_token_accuracy': '0.6177', 'epoch': '0.7692'}
{'train_runtime': '5.338', 'train_samples_per_second': '29.98', 'train_steps_per_second': '1.874', 'train_loss': '1.839', 'entropy': '1.748', 'num_tokens': '1.456e+04', 'mean_token_accuracy': '0.5979', 'epoch': '0.7692'}

----- seed 0 -----

[noisy] selected=5/5 corrupt=[0] seen_corrupt=[0]
  method        AUROC   Spearman/(b)   runtime   corrupt-rank
  (b)oracle     1.000        (truth)    518.3s   0/5
  Flirds        1.000         +1.000    103.9s   0/5
  Flirds1st     1.000         +1.000     34.1s   0/5
  GTG           1.000         +1.000    526.3s   0/5
  FedSV         1.000         +1.000    516.7s   0/5
  ShapleyFL     1.000         +1.000    518.1s   0/5
  Banzhaf       1.000         +1.000    520.3s   0/5
  loss-heur     1.000         +1.000    160.7s   0/5
  FLDetector    0.750                    45.5s   1/5
  STD-DAGMM     0.250                   227.7s   3/5
  FLTrust       1.000                    35.0s   0/5
  FedDQC        1.000                    22.4s   0/5
{'train_runtime': '6.657', 'train_samples_per_second': '24.03', 'train_steps_per_second': '1.502', 'train_loss': '1.751', 'entropy': '1.331', 'num_tokens': '2.385e+04', 'mean_token_accuracy': '0.6262', 'epoch': '0.7692'}
{'train_runtime': '17.69', 'train_samples_per_second': '9.044', 'train_steps_per_second': '0.565', 'train_loss': '2.981', 'entropy': '2.69', 'num_tokens': '5.405e+04', 'mean_token_accuracy': '0.3971', 'epoch': '0.7692'}
{'train_runtime': '13.19', 'train_samples_per_second': '12.13', 'train_steps_per_second': '0.758', 'train_loss': '3.047', 'entropy': '2.789', 'num_tokens': '3.487e+04', 'mean_token_accuracy': '0.381', 'epoch': '0.7692'}
{'train_runtime': '12.75', 'train_samples_per_second': '12.54', 'train_steps_per_second': '0.784', 'train_loss': '2.225', 'entropy': '1.979', 'num_tokens': '2.524e+04', 'mean_token_accuracy': '0.5255', 'epoch': '0.7692'}
{'train_runtime': '4.882', 'train_samples_per_second': '32.77', 'train_steps_per_second': '2.048', 'train_loss': '1.852', 'entropy': '1.751', 'num_tokens': '1.426e+04', 'mean_token_accuracy': '0.5981', 'epoch': '0.7692'}
{'train_runtime': '12.75', 'train_samples_per_second': '12.54', 'train_steps_per_second': '0.784', 'train_loss': '2.224', 'entropy': '1.983', 'num_tokens': '2.524e+04', 'mean_token_accuracy': '0.5253', 'epoch': '0.7692'}
{'train_runtime': '13.19', 'train_samples_per_second': '12.13', 'train_steps_per_second': '0.758', 'train_loss': '3.045', 'entropy': '2.794', 'num_tokens': '3.487e+04', 'mean_token_accuracy': '0.3811', 'epoch': '0.7692'}
{'train_runtime': '4.883', 'train_samples_per_second': '32.76', 'train_steps_per_second': '2.048', 'train_loss': '1.85', 'entropy': '1.754', 'num_tokens': '1.426e+04', 'mean_token_accuracy': '0.5985', 'epoch': '0.7692'}
{'train_runtime': '6.699', 'train_samples_per_second': '23.89', 'train_steps_per_second': '1.493', 'train_loss': '1.746', 'entropy': '1.335', 'num_tokens': '2.385e+04', 'mean_token_accuracy': '0.6265', 'epoch': '0.7692'}
{'train_runtime': '17.68', 'train_samples_per_second': '9.048', 'train_steps_per_second': '0.566', 'train_loss': '2.978', 'entropy': '2.696', 'num_tokens': '5.405e+04', 'mean_token_accuracy': '0.3976', 'epoch': '0.7692'}
{'train_runtime': '4.877', 'train_samples_per_second': '32.8', 'train_steps_per_second': '2.05', 'train_loss': '1.848', 'entropy': '1.757', 'num_tokens': '1.426e+04', 'mean_token_accuracy': '0.5989', 'epoch': '0.7692'}
{'train_runtime': '17.67', 'train_samples_per_second': '9.057', 'train_steps_per_second': '0.566', 'train_loss': '2.976', 'entropy': '2.701', 'num_tokens': '5.405e+04', 'mean_token_accuracy': '0.398', 'epoch': '0.7692'}
{'train_runtime': '13.2', 'train_samples_per_second': '12.12', 'train_steps_per_second': '0.758', 'train_loss': '3.043', 'entropy': '2.799', 'num_tokens': '3.487e+04', 'mean_token_accuracy': '0.3814', 'epoch': '0.7692'}
{'train_runtime': '6.657', 'train_samples_per_second': '24.04', 'train_steps_per_second': '1.502', 'train_loss': '1.742', 'entropy': '1.338', 'num_tokens': '2.385e+04', 'mean_token_accuracy': '0.6266', 'epoch': '0.7692'}
{'train_runtime': '12.75', 'train_samples_per_second': '12.55', 'train_steps_per_second': '0.784', 'train_loss': '2.222', 'entropy': '1.988', 'num_tokens': '2.524e+04', 'mean_token_accuracy': '0.5252', 'epoch': '0.7692'}
{'train_runtime': '6.65', 'train_samples_per_second': '24.06', 'train_steps_per_second': '1.504', 'train_loss': '1.737', 'entropy': '1.342', 'num_tokens': '2.385e+04', 'mean_token_accuracy': '0.6268', 'epoch': '0.7692'}
{'train_runtime': '13.2', 'train_samples_per_second': '12.12', 'train_steps_per_second': '0.758', 'train_loss': '3.042', 'entropy': '2.804', 'num_tokens': '3.487e+04', 'mean_token_accuracy': '0.3812', 'epoch': '0.7692'}
{'train_runtime': '12.76', 'train_samples_per_second': '12.54', 'train_steps_per_second': '0.784', 'train_loss': '2.221', 'entropy': '1.992', 'num_tokens': '2.524e+04', 'mean_token_accuracy': '0.5257', 'epoch': '0.7692'}
{'train_runtime': '17.68', 'train_samples_per_second': '9.047', 'train_steps_per_second': '0.565', 'train_loss': '2.974', 'entropy': '2.707', 'num_tokens': '5.405e+04', 'mean_token_accuracy': '0.3985', 'epoch': '0.7692'}
{'train_runtime': '4.885', 'train_samples_per_second': '32.75', 'train_steps_per_second': '2.047', 'train_loss': '1.846', 'entropy': '1.76', 'num_tokens': '1.426e+04', 'mean_token_accuracy': '0.5993', 'epoch': '0.7692'}
{'train_runtime': '13.2', 'train_samples_per_second': '12.12', 'train_steps_per_second': '0.758', 'train_loss': '3.04', 'entropy': '2.81', 'num_tokens': '3.487e+04', 'mean_token_accuracy': '0.3813', 'epoch': '0.7692'}
{'train_runtime': '6.644', 'train_samples_per_second': '24.08', 'train_steps_per_second': '1.505', 'train_loss': '1.732', 'entropy': '1.346', 'num_tokens': '2.385e+04', 'mean_token_accuracy': '0.6271', 'epoch': '0.7692'}
{'train_runtime': '17.69', 'train_samples_per_second': '9.045', 'train_steps_per_second': '0.565', 'train_loss': '2.972', 'entropy': '2.713', 'num_tokens': '5.405e+04', 'mean_token_accuracy': '0.3988', 'epoch': '0.7692'}
{'train_runtime': '4.873', 'train_samples_per_second': '32.83', 'train_steps_per_second': '2.052', 'train_loss': '1.844', 'entropy': '1.764', 'num_tokens': '1.426e+04', 'mean_token_accuracy': '0.5993', 'epoch': '0.7692'}
{'train_runtime': '12.78', 'train_samples_per_second': '12.52', 'train_steps_per_second': '0.782', 'train_loss': '2.219', 'entropy': '1.996', 'num_tokens': '2.524e+04', 'mean_token_accuracy': '0.5256', 'epoch': '0.7692'}
{'train_runtime': '12.78', 'train_samples_per_second': '12.52', 'train_steps_per_second': '0.783', 'train_loss': '2.218', 'entropy': '2.001', 'num_tokens': '2.524e+04', 'mean_token_accuracy': '0.5262', 'epoch': '0.7692'}
{'train_runtime': '6.644', 'train_samples_per_second': '24.08', 'train_steps_per_second': '1.505', 'train_loss': '1.728', 'entropy': '1.35', 'num_tokens': '2.385e+04', 'mean_token_accuracy': '0.6275', 'epoch': '0.7692'}
{'train_runtime': '4.886', 'train_samples_per_second': '32.75', 'train_steps_per_second': '2.047', 'train_loss': '1.842', 'entropy': '1.767', 'num_tokens': '1.426e+04', 'mean_token_accuracy': '0.5994', 'epoch': '0.7692'}
{'train_runtime': '17.68', 'train_samples_per_second': '9.047', 'train_steps_per_second': '0.565', 'train_loss': '2.97', 'entropy': '2.718', 'num_tokens': '5.405e+04', 'mean_token_accuracy': '0.3991', 'epoch': '0.7692'}
{'train_runtime': '13.2', 'train_samples_per_second': '12.12', 'train_steps_per_second': '0.758', 'train_loss': '3.039', 'entropy': '2.815', 'num_tokens': '3.487e+04', 'mean_token_accuracy': '0.3817', 'epoch': '0.7692'}
{'train_runtime': '12.75', 'train_samples_per_second': '12.54', 'train_steps_per_second': '0.784', 'train_loss': '2.216', 'entropy': '2.005', 'num_tokens': '2.524e+04', 'mean_token_accuracy': '0.5265', 'epoch': '0.7692'}
{'train_runtime': '4.889', 'train_samples_per_second': '32.73', 'train_steps_per_second': '2.046', 'train_loss': '1.84', 'entropy': '1.77', 'num_tokens': '1.426e+04', 'mean_token_accuracy': '0.6001', 'epoch': '0.7692'}
{'train_runtime': '6.658', 'train_samples_per_second': '24.03', 'train_steps_per_second': '1.502', 'train_loss': '1.723', 'entropy': '1.353', 'num_tokens': '2.385e+04', 'mean_token_accuracy': '0.6281', 'epoch': '0.7692'}
{'train_runtime': '13.19', 'train_samples_per_second': '12.13', 'train_steps_per_second': '0.758', 'train_loss': '3.037', 'entropy': '2.82', 'num_tokens': '3.487e+04', 'mean_token_accuracy': '0.3818', 'epoch': '0.7692'}
{'train_runtime': '17.69', 'train_samples_per_second': '9.046', 'train_steps_per_second': '0.565', 'train_loss': '2.968', 'entropy': '2.724', 'num_tokens': '5.405e+04', 'mean_token_accuracy': '0.3993', 'epoch': '0.7692'}
{'train_runtime': '17.68', 'train_samples_per_second': '9.05', 'train_steps_per_second': '0.566', 'train_loss': '2.966', 'entropy': '2.729', 'num_tokens': '5.405e+04', 'mean_token_accuracy': '0.3998', 'epoch': '0.7692'}
{'train_runtime': '6.65', 'train_samples_per_second': '24.06', 'train_steps_per_second': '1.504', 'train_loss': '1.718', 'entropy': '1.357', 'num_tokens': '2.385e+04', 'mean_token_accuracy': '0.6288', 'epoch': '0.7692'}
{'train_runtime': '4.881', 'train_samples_per_second': '32.78', 'train_steps_per_second': '2.049', 'train_loss': '1.838', 'entropy': '1.774', 'num_tokens': '1.426e+04', 'mean_token_accuracy': '0.6006', 'epoch': '0.7692'}
{'train_runtime': '12.79', 'train_samples_per_second': '12.51', 'train_steps_per_second': '0.782', 'train_loss': '2.215', 'entropy': '2.01', 'num_tokens': '2.524e+04', 'mean_token_accuracy': '0.5265', 'epoch': '0.7692'}
{'train_runtime': '13.22', 'train_samples_per_second': '12.11', 'train_steps_per_second': '0.757', 'train_loss': '3.035', 'entropy': '2.825', 'num_tokens': '3.487e+04', 'mean_token_accuracy': '0.3819', 'epoch': '0.7692'}
{'train_runtime': '4.89', 'train_samples_per_second': '32.72', 'train_steps_per_second': '2.045', 'train_loss': '1.835', 'entropy': '1.778', 'num_tokens': '1.426e+04', 'mean_token_accuracy': '0.6008', 'epoch': '0.7692'}
{'train_runtime': '12.76', 'train_samples_per_second': '12.54', 'train_steps_per_second': '0.784', 'train_loss': '2.213', 'entropy': '2.015', 'num_tokens': '2.524e+04', 'mean_token_accuracy': '0.5267', 'epoch': '0.7692'}
{'train_runtime': '6.67', 'train_samples_per_second': '23.99', 'train_steps_per_second': '1.499', 'train_loss': '1.713', 'entropy': '1.361', 'num_tokens': '2.385e+04', 'mean_token_accuracy': '0.6289', 'epoch': '0.7692'}
{'train_runtime': '13.2', 'train_samples_per_second': '12.12', 'train_steps_per_second': '0.757', 'train_loss': '3.034', 'entropy': '2.831', 'num_tokens': '3.487e+04', 'mean_token_accuracy': '0.3821', 'epoch': '0.7692'}
{'train_runtime': '17.68', 'train_samples_per_second': '9.051', 'train_steps_per_second': '0.566', 'train_loss': '2.964', 'entropy': '2.735', 'num_tokens': '5.405e+04', 'mean_token_accuracy': '0.4', 'epoch': '0.7692'}
{'train_runtime': '13.21', 'train_samples_per_second': '12.12', 'train_steps_per_second': '0.757', 'train_loss': '3.032', 'entropy': '2.836', 'num_tokens': '3.487e+04', 'mean_token_accuracy': '0.3824', 'epoch': '0.7692'}
{'train_runtime': '4.875', 'train_samples_per_second': '32.82', 'train_steps_per_second': '2.051', 'train_loss': '1.833', 'entropy': '1.782', 'num_tokens': '1.426e+04', 'mean_token_accuracy': '0.6011', 'epoch': '0.7692'}
{'train_runtime': '6.646', 'train_samples_per_second': '24.08', 'train_steps_per_second': '1.505', 'train_loss': '1.708', 'entropy': '1.365', 'num_tokens': '2.385e+04', 'mean_token_accuracy': '0.6295', 'epoch': '0.7692'}
{'train_runtime': '17.68', 'train_samples_per_second': '9.048', 'train_steps_per_second': '0.566', 'train_loss': '2.961', 'entropy': '2.741', 'num_tokens': '5.405e+04', 'mean_token_accuracy': '0.4002', 'epoch': '0.7692'}
{'train_runtime': '12.75', 'train_samples_per_second': '12.55', 'train_steps_per_second': '0.784', 'train_loss': '2.211', 'entropy': '2.02', 'num_tokens': '2.524e+04', 'mean_token_accuracy': '0.5272', 'epoch': '0.7692'}

----- seed 1 -----

[noisy] selected=5/5 corrupt=[0] seen_corrupt=[0]
  method        AUROC   Spearman/(b)   runtime   corrupt-rank
  (b)oracle     1.000        (truth)    537.4s   0/5
  Flirds        1.000         +1.000    107.5s   0/5
  Flirds1st     1.000         +1.000     35.3s   0/5
  GTG           1.000         +1.000    543.6s   0/5
  FedSV         1.000         +1.000    533.6s   0/5
  ShapleyFL     1.000         +1.000    536.9s   0/5
  Banzhaf       1.000         +1.000    539.5s   0/5
  loss-heur     1.000         +1.000    166.5s   0/5
  FLDetector    0.750                    22.4s   1/5
  STD-DAGMM     1.000                    97.3s   0/5
  FLTrust       1.000                    35.9s   0/5
  FedDQC        0.750                    21.5s   1/5
{'train_runtime': '13.57', 'train_samples_per_second': '11.79', 'train_steps_per_second': '0.737', 'train_loss': '1.957', 'entropy': '1.752', 'num_tokens': '2.65e+04', 'mean_token_accuracy': '0.5787', 'epoch': '0.7692'}
{'train_runtime': '5.067', 'train_samples_per_second': '31.58', 'train_steps_per_second': '1.974', 'train_loss': '1.726', 'entropy': '1.654', 'num_tokens': '1.659e+04', 'mean_token_accuracy': '0.6124', 'epoch': '0.7692'}
{'train_runtime': '17.32', 'train_samples_per_second': '9.235', 'train_steps_per_second': '0.577', 'train_loss': '2.914', 'entropy': '2.607', 'num_tokens': '5.79e+04', 'mean_token_accuracy': '0.413', 'epoch': '0.7692'}
{'train_runtime': '6.347', 'train_samples_per_second': '25.21', 'train_steps_per_second': '1.576', 'train_loss': '1.782', 'entropy': '1.358', 'num_tokens': '2.386e+04', 'mean_token_accuracy': '0.6199', 'epoch': '0.7692'}
{'train_runtime': '11.85', 'train_samples_per_second': '13.5', 'train_steps_per_second': '0.844', 'train_loss': '3.016', 'entropy': '2.755', 'num_tokens': '3.362e+04', 'mean_token_accuracy': '0.3793', 'epoch': '0.7692'}
{'train_runtime': '17.4', 'train_samples_per_second': '9.194', 'train_steps_per_second': '0.575', 'train_loss': '2.912', 'entropy': '2.613', 'num_tokens': '5.79e+04', 'mean_token_accuracy': '0.4135', 'epoch': '0.7692'}
{'train_runtime': '6.376', 'train_samples_per_second': '25.09', 'train_steps_per_second': '1.568', 'train_loss': '1.777', 'entropy': '1.361', 'num_tokens': '2.386e+04', 'mean_token_accuracy': '0.6198', 'epoch': '0.7692'}
{'train_runtime': '11.92', 'train_samples_per_second': '13.43', 'train_steps_per_second': '0.839', 'train_loss': '3.014', 'entropy': '2.761', 'num_tokens': '3.362e+04', 'mean_token_accuracy': '0.3794', 'epoch': '0.7692'}
{'train_runtime': '5.137', 'train_samples_per_second': '31.14', 'train_steps_per_second': '1.947', 'train_loss': '1.724', 'entropy': '1.656', 'num_tokens': '1.659e+04', 'mean_token_accuracy': '0.6126', 'epoch': '0.7692'}
{'train_runtime': '13.58', 'train_samples_per_second': '11.78', 'train_steps_per_second': '0.736', 'train_loss': '1.956', 'entropy': '1.756', 'num_tokens': '2.65e+04', 'mean_token_accuracy': '0.579', 'epoch': '0.7692'}
{'train_runtime': '13.59', 'train_samples_per_second': '11.78', 'train_steps_per_second': '0.736', 'train_loss': '1.955', 'entropy': '1.76', 'num_tokens': '2.65e+04', 'mean_token_accuracy': '0.5791', 'epoch': '0.7692'}
{'train_runtime': '6.358', 'train_samples_per_second': '25.16', 'train_steps_per_second': '1.573', 'train_loss': '1.772', 'entropy': '1.365', 'num_tokens': '2.386e+04', 'mean_token_accuracy': '0.62', 'epoch': '0.7692'}
{'train_runtime': '5.069', 'train_samples_per_second': '31.57', 'train_steps_per_second': '1.973', 'train_loss': '1.722', 'entropy': '1.659', 'num_tokens': '1.659e+04', 'mean_token_accuracy': '0.6127', 'epoch': '0.7692'}
{'train_runtime': '11.88', 'train_samples_per_second': '13.47', 'train_steps_per_second': '0.842', 'train_loss': '3.012', 'entropy': '2.766', 'num_tokens': '3.362e+04', 'mean_token_accuracy': '0.3797', 'epoch': '0.7692'}
{'train_runtime': '17.36', 'train_samples_per_second': '9.219', 'train_steps_per_second': '0.576', 'train_loss': '2.91', 'entropy': '2.618', 'num_tokens': '5.79e+04', 'mean_token_accuracy': '0.4138', 'epoch': '0.7692'}
{'train_runtime': '11.86', 'train_samples_per_second': '13.49', 'train_steps_per_second': '0.843', 'train_loss': '3.011', 'entropy': '2.771', 'num_tokens': '3.362e+04', 'mean_token_accuracy': '0.3798', 'epoch': '0.7692'}
{'train_runtime': '6.34', 'train_samples_per_second': '25.23', 'train_steps_per_second': '1.577', 'train_loss': '1.767', 'entropy': '1.368', 'num_tokens': '2.386e+04', 'mean_token_accuracy': '0.6207', 'epoch': '0.7692'}
{'train_runtime': '5.075', 'train_samples_per_second': '31.53', 'train_steps_per_second': '1.971', 'train_loss': '1.721', 'entropy': '1.661', 'num_tokens': '1.659e+04', 'mean_token_accuracy': '0.6131', 'epoch': '0.7692'}
{'train_runtime': '17.33', 'train_samples_per_second': '9.232', 'train_steps_per_second': '0.577', 'train_loss': '2.908', 'entropy': '2.623', 'num_tokens': '5.79e+04', 'mean_token_accuracy': '0.414', 'epoch': '0.7692'}
{'train_runtime': '13.57', 'train_samples_per_second': '11.79', 'train_steps_per_second': '0.737', 'train_loss': '1.953', 'entropy': '1.763', 'num_tokens': '2.65e+04', 'mean_token_accuracy': '0.5792', 'epoch': '0.7692'}
{'train_runtime': '6.355', 'train_samples_per_second': '25.18', 'train_steps_per_second': '1.574', 'train_loss': '1.762', 'entropy': '1.372', 'num_tokens': '2.386e+04', 'mean_token_accuracy': '0.6216', 'epoch': '0.7692'}
{'train_runtime': '11.84', 'train_samples_per_second': '13.51', 'train_steps_per_second': '0.845', 'train_loss': '3.009', 'entropy': '2.776', 'num_tokens': '3.362e+04', 'mean_token_accuracy': '0.38', 'epoch': '0.7692'}
{'train_runtime': '5.069', 'train_samples_per_second': '31.56', 'train_steps_per_second': '1.973', 'train_loss': '1.719', 'entropy': '1.664', 'num_tokens': '1.659e+04', 'mean_token_accuracy': '0.6141', 'epoch': '0.7692'}
{'train_runtime': '13.58', 'train_samples_per_second': '11.78', 'train_steps_per_second': '0.736', 'train_loss': '1.952', 'entropy': '1.767', 'num_tokens': '2.65e+04', 'mean_token_accuracy': '0.5798', 'epoch': '0.7692'}
{'train_runtime': '17.32', 'train_samples_per_second': '9.238', 'train_steps_per_second': '0.577', 'train_loss': '2.906', 'entropy': '2.628', 'num_tokens': '5.79e+04', 'mean_token_accuracy': '0.4141', 'epoch': '0.7692'}
{'train_runtime': '5.069', 'train_samples_per_second': '31.57', 'train_steps_per_second': '1.973', 'train_loss': '1.717', 'entropy': '1.667', 'num_tokens': '1.659e+04', 'mean_token_accuracy': '0.6142', 'epoch': '0.7692'}
{'train_runtime': '17.33', 'train_samples_per_second': '9.232', 'train_steps_per_second': '0.577', 'train_loss': '2.904', 'entropy': '2.633', 'num_tokens': '5.79e+04', 'mean_token_accuracy': '0.4143', 'epoch': '0.7692'}
{'train_runtime': '11.86', 'train_samples_per_second': '13.5', 'train_steps_per_second': '0.843', 'train_loss': '3.008', 'entropy': '2.781', 'num_tokens': '3.362e+04', 'mean_token_accuracy': '0.38', 'epoch': '0.7692'}
{'train_runtime': '13.56', 'train_samples_per_second': '11.8', 'train_steps_per_second': '0.738', 'train_loss': '1.95', 'entropy': '1.771', 'num_tokens': '2.65e+04', 'mean_token_accuracy': '0.5803', 'epoch': '0.7692'}
{'train_runtime': '6.351', 'train_samples_per_second': '25.19', 'train_steps_per_second': '1.575', 'train_loss': '1.757', 'entropy': '1.375', 'num_tokens': '2.386e+04', 'mean_token_accuracy': '0.6221', 'epoch': '0.7692'}
{'train_runtime': '5.071', 'train_samples_per_second': '31.55', 'train_steps_per_second': '1.972', 'train_loss': '1.715', 'entropy': '1.669', 'num_tokens': '1.659e+04', 'mean_token_accuracy': '0.6143', 'epoch': '0.7692'}
{'train_runtime': '11.84', 'train_samples_per_second': '13.51', 'train_steps_per_second': '0.844', 'train_loss': '3.006', 'entropy': '2.786', 'num_tokens': '3.362e+04', 'mean_token_accuracy': '0.3804', 'epoch': '0.7692'}
{'train_runtime': '6.353', 'train_samples_per_second': '25.19', 'train_steps_per_second': '1.574', 'train_loss': '1.752', 'entropy': '1.379', 'num_tokens': '2.386e+04', 'mean_token_accuracy': '0.6228', 'epoch': '0.7692'}
{'train_runtime': '13.57', 'train_samples_per_second': '11.79', 'train_steps_per_second': '0.737', 'train_loss': '1.949', 'entropy': '1.775', 'num_tokens': '2.65e+04', 'mean_token_accuracy': '0.581', 'epoch': '0.7692'}
{'train_runtime': '17.34', 'train_samples_per_second': '9.227', 'train_steps_per_second': '0.577', 'train_loss': '2.902', 'entropy': '2.639', 'num_tokens': '5.79e+04', 'mean_token_accuracy': '0.4143', 'epoch': '0.7692'}
{'train_runtime': '6.367', 'train_samples_per_second': '25.13', 'train_steps_per_second': '1.571', 'train_loss': '1.747', 'entropy': '1.383', 'num_tokens': '2.386e+04', 'mean_token_accuracy': '0.6228', 'epoch': '0.7692'}
{'train_runtime': '11.84', 'train_samples_per_second': '13.52', 'train_steps_per_second': '0.845', 'train_loss': '3.004', 'entropy': '2.791', 'num_tokens': '3.362e+04', 'mean_token_accuracy': '0.3807', 'epoch': '0.7692'}
{'train_runtime': '17.32', 'train_samples_per_second': '9.236', 'train_steps_per_second': '0.577', 'train_loss': '2.9', 'entropy': '2.644', 'num_tokens': '5.79e+04', 'mean_token_accuracy': '0.4147', 'epoch': '0.7692'}
{'train_runtime': '5.072', 'train_samples_per_second': '31.55', 'train_steps_per_second': '1.972', 'train_loss': '1.713', 'entropy': '1.672', 'num_tokens': '1.659e+04', 'mean_token_accuracy': '0.6148', 'epoch': '0.7692'}
{'train_runtime': '13.57', 'train_samples_per_second': '11.79', 'train_steps_per_second': '0.737', 'train_loss': '1.948', 'entropy': '1.779', 'num_tokens': '2.65e+04', 'mean_token_accuracy': '0.5808', 'epoch': '0.7692'}
{'train_runtime': '6.357', 'train_samples_per_second': '25.17', 'train_steps_per_second': '1.573', 'train_loss': '1.742', 'entropy': '1.386', 'num_tokens': '2.386e+04', 'mean_token_accuracy': '0.6232', 'epoch': '0.7692'}
{'train_runtime': '5.104', 'train_samples_per_second': '31.35', 'train_steps_per_second': '1.959', 'train_loss': '1.711', 'entropy': '1.675', 'num_tokens': '1.659e+04', 'mean_token_accuracy': '0.6149', 'epoch': '0.7692'}
{'train_runtime': '17.32', 'train_samples_per_second': '9.235', 'train_steps_per_second': '0.577', 'train_loss': '2.898', 'entropy': '2.649', 'num_tokens': '5.79e+04', 'mean_token_accuracy': '0.4144', 'epoch': '0.7692'}
{'train_runtime': '13.58', 'train_samples_per_second': '11.78', 'train_steps_per_second': '0.736', 'train_loss': '1.946', 'entropy': '1.783', 'num_tokens': '2.65e+04', 'mean_token_accuracy': '0.5811', 'epoch': '0.7692'}
{'train_runtime': '11.84', 'train_samples_per_second': '13.52', 'train_steps_per_second': '0.845', 'train_loss': '3.003', 'entropy': '2.796', 'num_tokens': '3.362e+04', 'mean_token_accuracy': '0.3811', 'epoch': '0.7692'}
{'train_runtime': '17.33', 'train_samples_per_second': '9.234', 'train_steps_per_second': '0.577', 'train_loss': '2.896', 'entropy': '2.655', 'num_tokens': '5.79e+04', 'mean_token_accuracy': '0.4145', 'epoch': '0.7692'}
{'train_runtime': '13.56', 'train_samples_per_second': '11.79', 'train_steps_per_second': '0.737', 'train_loss': '1.944', 'entropy': '1.787', 'num_tokens': '2.65e+04', 'mean_token_accuracy': '0.581', 'epoch': '0.7692'}
{'train_runtime': '5.072', 'train_samples_per_second': '31.55', 'train_steps_per_second': '1.972', 'train_loss': '1.709', 'entropy': '1.678', 'num_tokens': '1.659e+04', 'mean_token_accuracy': '0.6154', 'epoch': '0.7692'}
{'train_runtime': '6.361', 'train_samples_per_second': '25.15', 'train_steps_per_second': '1.572', 'train_loss': '1.737', 'entropy': '1.39', 'num_tokens': '2.386e+04', 'mean_token_accuracy': '0.6232', 'epoch': '0.7692'}
{'train_runtime': '11.84', 'train_samples_per_second': '13.51', 'train_steps_per_second': '0.845', 'train_loss': '3.001', 'entropy': '2.802', 'num_tokens': '3.362e+04', 'mean_token_accuracy': '0.3815', 'epoch': '0.7692'}

----- seed 2 -----

[noisy] selected=5/5 corrupt=[0] seen_corrupt=[0]
  method        AUROC   Spearman/(b)   runtime   corrupt-rank
  (b)oracle     1.000        (truth)    537.5s   0/5
  Flirds        1.000         +1.000    107.3s   0/5
  Flirds1st     1.000         +1.000     35.3s   0/5
  GTG           1.000         +1.000    542.4s   0/5
  FedSV         1.000         +1.000    547.6s   0/5
  ShapleyFL     1.000         +1.000    535.7s   0/5
  Banzhaf       1.000         +1.000    537.1s   0/5
  loss-heur     1.000         +1.000    166.1s   0/5
  FLDetector    0.750                    20.9s   1/5
  STD-DAGMM     0.000                    86.0s   4/5
  FLTrust       1.000                    35.8s   0/5
  FedDQC        1.000                    22.0s   0/5

=== aggregate (mean+/-std over 3 seeds) ===

[noisy]
  (b)oracle   AUROC=1.000+/-0.000  runtime=531.1s
  Flirds      AUROC=1.000+/-0.000  Spearman=+1.000+/-0.000  runtime=106.2s
  Flirds1st   AUROC=1.000+/-0.000  Spearman=+1.000+/-0.000  runtime=34.9s
  GTG         AUROC=1.000+/-0.000  Spearman=+1.000+/-0.000  runtime=537.4s
  FedSV       AUROC=1.000+/-0.000  Spearman=+1.000+/-0.000  runtime=532.6s
  ShapleyFL   AUROC=1.000+/-0.000  Spearman=+1.000+/-0.000  runtime=530.2s
  Banzhaf     AUROC=1.000+/-0.000  Spearman=+1.000+/-0.000  runtime=532.3s
  loss-heur   AUROC=1.000+/-0.000  Spearman=+1.000+/-0.000  runtime=164.4s
  FLDetector  AUROC=0.750+/-0.000  runtime=29.6s
  STD-DAGMM   AUROC=0.417+/-0.425  runtime=137.0s
  FLTrust     AUROC=1.000+/-0.000  runtime=35.6s
  FedDQC      AUROC=0.917+/-0.118  runtime=22.0s

MATRIX DONE  (matched detector should top AUROC on-threat; Flirds/valuation track the (b) oracle; off-threat detectors degrade -- the §3.9 separation story).
