=== step5 MATRIX | 1B silo5 | R=10 K_frac=1.0 lr=0.001 batch=16 val_chunk=10 | ORACLE_B=True COALITION=True | threats=['freerider_random'] seeds=[0, 1, 2] ===
{'train_runtime': '12.92', 'train_samples_per_second': '12.38', 'train_steps_per_second': '0.774', 'train_loss': '2.185', 'entropy': '1.978', 'num_tokens': '2.512e+04', 'mean_token_accuracy': '0.5271', 'epoch': '0.7692'}
{'train_runtime': '14.46', 'train_samples_per_second': '11.07', 'train_steps_per_second': '0.692', 'train_loss': '3.011', 'entropy': '2.804', 'num_tokens': '3.794e+04', 'mean_token_accuracy': '0.3826', 'epoch': '0.7692'}
{'train_runtime': '6.767', 'train_samples_per_second': '23.64', 'train_steps_per_second': '1.478', 'train_loss': '1.811', 'entropy': '1.372', 'num_tokens': '2.402e+04', 'mean_token_accuracy': '0.6152', 'epoch': '0.7692'}
{'train_runtime': '5.49', 'train_samples_per_second': '29.15', 'train_steps_per_second': '1.822', 'train_loss': '1.047', 'entropy': '1.081', 'num_tokens': '1.518e+04', 'mean_token_accuracy': '0.7099', 'epoch': '0.7692'}
{'train_runtime': '16.87', 'train_samples_per_second': '9.483', 'train_steps_per_second': '0.593', 'train_loss': '2.996', 'entropy': '2.674', 'num_tokens': '5.374e+04', 'mean_token_accuracy': '0.393', 'epoch': '0.7692'}
{'train_runtime': '5.477', 'train_samples_per_second': '29.21', 'train_steps_per_second': '1.826', 'train_loss': '1.045', 'entropy': '1.082', 'num_tokens': '1.518e+04', 'mean_token_accuracy': '0.7106', 'epoch': '0.7692'}
{'train_runtime': '16.87', 'train_samples_per_second': '9.483', 'train_steps_per_second': '0.593', 'train_loss': '2.994', 'entropy': '2.678', 'num_tokens': '5.374e+04', 'mean_token_accuracy': '0.3933', 'epoch': '0.7692'}
{'train_runtime': '6.769', 'train_samples_per_second': '23.64', 'train_steps_per_second': '1.477', 'train_loss': '1.806', 'entropy': '1.375', 'num_tokens': '2.402e+04', 'mean_token_accuracy': '0.6154', 'epoch': '0.7692'}
{'train_runtime': '12.65', 'train_samples_per_second': '12.65', 'train_steps_per_second': '0.791', 'train_loss': '2.183', 'entropy': '1.982', 'num_tokens': '2.512e+04', 'mean_token_accuracy': '0.5271', 'epoch': '0.7692'}
{'train_runtime': '14.46', 'train_samples_per_second': '11.06', 'train_steps_per_second': '0.691', 'train_loss': '3.009', 'entropy': '2.808', 'num_tokens': '3.794e+04', 'mean_token_accuracy': '0.3827', 'epoch': '0.7692'}
{'train_runtime': '12.65', 'train_samples_per_second': '12.65', 'train_steps_per_second': '0.79', 'train_loss': '2.185', 'entropy': '1.978', 'num_tokens': '2.512e+04', 'mean_token_accuracy': '0.5271', 'epoch': '0.7692'}
{'train_runtime': '14.45', 'train_samples_per_second': '11.07', 'train_steps_per_second': '0.692', 'train_loss': '3.011', 'entropy': '2.804', 'num_tokens': '3.794e+04', 'mean_token_accuracy': '0.3826', 'epoch': '0.7692'}
{'train_runtime': '6.768', 'train_samples_per_second': '23.64', 'train_steps_per_second': '1.477', 'train_loss': '1.811', 'entropy': '1.372', 'num_tokens': '2.402e+04', 'mean_token_accuracy': '0.6152', 'epoch': '0.7692'}
{'train_runtime': '5.494', 'train_samples_per_second': '29.12', 'train_steps_per_second': '1.82', 'train_loss': '1.047', 'entropy': '1.081', 'num_tokens': '1.518e+04', 'mean_token_accuracy': '0.7099', 'epoch': '0.7692'}
{'train_runtime': '5.481', 'train_samples_per_second': '29.2', 'train_steps_per_second': '1.825', 'train_loss': '1.045', 'entropy': '1.081', 'num_tokens': '1.518e+04', 'mean_token_accuracy': '0.7106', 'epoch': '0.7692'}
{'train_runtime': '6.766', 'train_samples_per_second': '23.65', 'train_steps_per_second': '1.478', 'train_loss': '1.806', 'entropy': '1.375', 'num_tokens': '2.402e+04', 'mean_token_accuracy': '0.6154', 'epoch': '0.7692'}
{'train_runtime': '12.66', 'train_samples_per_second': '12.64', 'train_steps_per_second': '0.79', 'train_loss': '2.183', 'entropy': '1.981', 'num_tokens': '2.512e+04', 'mean_token_accuracy': '0.5272', 'epoch': '0.7692'}
{'train_runtime': '14.46', 'train_samples_per_second': '11.06', 'train_steps_per_second': '0.691', 'train_loss': '3.01', 'entropy': '2.807', 'num_tokens': '3.794e+04', 'mean_token_accuracy': '0.3827', 'epoch': '0.7692'}
{'train_runtime': '12.66', 'train_samples_per_second': '12.63', 'train_steps_per_second': '0.79', 'train_loss': '2.182', 'entropy': '1.983', 'num_tokens': '2.512e+04', 'mean_token_accuracy': '0.5273', 'epoch': '0.7692'}
{'train_runtime': '5.483', 'train_samples_per_second': '29.18', 'train_steps_per_second': '1.824', 'train_loss': '1.043', 'entropy': '1.082', 'num_tokens': '1.518e+04', 'mean_token_accuracy': '0.7108', 'epoch': '0.7692'}
{'train_runtime': '14.46', 'train_samples_per_second': '11.07', 'train_steps_per_second': '0.692', 'train_loss': '3.009', 'entropy': '2.81', 'num_tokens': '3.794e+04', 'mean_token_accuracy': '0.3827', 'epoch': '0.7692'}
{'train_runtime': '6.762', 'train_samples_per_second': '23.66', 'train_steps_per_second': '1.479', 'train_loss': '1.801', 'entropy': '1.377', 'num_tokens': '2.402e+04', 'mean_token_accuracy': '0.6156', 'epoch': '0.7692'}
{'train_runtime': '5.474', 'train_samples_per_second': '29.23', 'train_steps_per_second': '1.827', 'train_loss': '1.041', 'entropy': '1.082', 'num_tokens': '1.518e+04', 'mean_token_accuracy': '0.711', 'epoch': '0.7692'}
{'train_runtime': '12.65', 'train_samples_per_second': '12.65', 'train_steps_per_second': '0.79', 'train_loss': '2.181', 'entropy': '1.986', 'num_tokens': '2.512e+04', 'mean_token_accuracy': '0.5272', 'epoch': '0.7692'}
{'train_runtime': '14.46', 'train_samples_per_second': '11.07', 'train_steps_per_second': '0.692', 'train_loss': '3.008', 'entropy': '2.813', 'num_tokens': '3.794e+04', 'mean_token_accuracy': '0.3828', 'epoch': '0.7692'}
{'train_runtime': '6.774', 'train_samples_per_second': '23.62', 'train_steps_per_second': '1.476', 'train_loss': '1.797', 'entropy': '1.38', 'num_tokens': '2.402e+04', 'mean_token_accuracy': '0.6157', 'epoch': '0.7692'}
{'train_runtime': '14.45', 'train_samples_per_second': '11.07', 'train_steps_per_second': '0.692', 'train_loss': '3.007', 'entropy': '2.816', 'num_tokens': '3.794e+04', 'mean_token_accuracy': '0.3829', 'epoch': '0.7692'}
{'train_runtime': '12.65', 'train_samples_per_second': '12.65', 'train_steps_per_second': '0.791', 'train_loss': '2.18', 'entropy': '1.989', 'num_tokens': '2.512e+04', 'mean_token_accuracy': '0.5274', 'epoch': '0.7692'}
{'train_runtime': '6.765', 'train_samples_per_second': '23.65', 'train_steps_per_second': '1.478', 'train_loss': '1.792', 'entropy': '1.382', 'num_tokens': '2.402e+04', 'mean_token_accuracy': '0.616', 'epoch': '0.7692'}
{'train_runtime': '5.485', 'train_samples_per_second': '29.17', 'train_steps_per_second': '1.823', 'train_loss': '1.04', 'entropy': '1.082', 'num_tokens': '1.518e+04', 'mean_token_accuracy': '0.7116', 'epoch': '0.7692'}
{'train_runtime': '12.67', 'train_samples_per_second': '12.62', 'train_steps_per_second': '0.789', 'train_loss': '2.178', 'entropy': '1.991', 'num_tokens': '2.512e+04', 'mean_token_accuracy': '0.5273', 'epoch': '0.7692'}
{'train_runtime': '6.81', 'train_samples_per_second': '23.49', 'train_steps_per_second': '1.468', 'train_loss': '1.787', 'entropy': '1.384', 'num_tokens': '2.402e+04', 'mean_token_accuracy': '0.6162', 'epoch': '0.7692'}
{'train_runtime': '14.46', 'train_samples_per_second': '11.06', 'train_steps_per_second': '0.691', 'train_loss': '3.005', 'entropy': '2.819', 'num_tokens': '3.794e+04', 'mean_token_accuracy': '0.3831', 'epoch': '0.7692'}
{'train_runtime': '5.493', 'train_samples_per_second': '29.13', 'train_steps_per_second': '1.821', 'train_loss': '1.038', 'entropy': '1.082', 'num_tokens': '1.518e+04', 'mean_token_accuracy': '0.7126', 'epoch': '0.7692'}
{'train_runtime': '5.493', 'train_samples_per_second': '29.13', 'train_steps_per_second': '1.821', 'train_loss': '1.036', 'entropy': '1.082', 'num_tokens': '1.518e+04', 'mean_token_accuracy': '0.7133', 'epoch': '0.7692'}
{'train_runtime': '12.65', 'train_samples_per_second': '12.64', 'train_steps_per_second': '0.79', 'train_loss': '2.177', 'entropy': '1.994', 'num_tokens': '2.512e+04', 'mean_token_accuracy': '0.5275', 'epoch': '0.7692'}
{'train_runtime': '6.768', 'train_samples_per_second': '23.64', 'train_steps_per_second': '1.478', 'train_loss': '1.783', 'entropy': '1.387', 'num_tokens': '2.402e+04', 'mean_token_accuracy': '0.6166', 'epoch': '0.7692'}
{'train_runtime': '14.46', 'train_samples_per_second': '11.06', 'train_steps_per_second': '0.691', 'train_loss': '3.004', 'entropy': '2.822', 'num_tokens': '3.794e+04', 'mean_token_accuracy': '0.3833', 'epoch': '0.7692'}
{'train_runtime': '5.48', 'train_samples_per_second': '29.2', 'train_steps_per_second': '1.825', 'train_loss': '1.034', 'entropy': '1.082', 'num_tokens': '1.518e+04', 'mean_token_accuracy': '0.7137', 'epoch': '0.7692'}
{'train_runtime': '6.777', 'train_samples_per_second': '23.61', 'train_steps_per_second': '1.476', 'train_loss': '1.778', 'entropy': '1.389', 'num_tokens': '2.402e+04', 'mean_token_accuracy': '0.6169', 'epoch': '0.7692'}
{'train_runtime': '14.46', 'train_samples_per_second': '11.06', 'train_steps_per_second': '0.692', 'train_loss': '3.003', 'entropy': '2.825', 'num_tokens': '3.794e+04', 'mean_token_accuracy': '0.3836', 'epoch': '0.7692'}
{'train_runtime': '12.65', 'train_samples_per_second': '12.64', 'train_steps_per_second': '0.79', 'train_loss': '2.175', 'entropy': '1.997', 'num_tokens': '2.512e+04', 'mean_token_accuracy': '0.5275', 'epoch': '0.7692'}
{'train_runtime': '6.789', 'train_samples_per_second': '23.57', 'train_steps_per_second': '1.473', 'train_loss': '1.773', 'entropy': '1.392', 'num_tokens': '2.402e+04', 'mean_token_accuracy': '0.6174', 'epoch': '0.7692'}
{'train_runtime': '5.489', 'train_samples_per_second': '29.15', 'train_steps_per_second': '1.822', 'train_loss': '1.032', 'entropy': '1.082', 'num_tokens': '1.518e+04', 'mean_token_accuracy': '0.7143', 'epoch': '0.7692'}
{'train_runtime': '14.47', 'train_samples_per_second': '11.06', 'train_steps_per_second': '0.691', 'train_loss': '3.002', 'entropy': '2.828', 'num_tokens': '3.794e+04', 'mean_token_accuracy': '0.3837', 'epoch': '0.7692'}
{'train_runtime': '12.65', 'train_samples_per_second': '12.65', 'train_steps_per_second': '0.791', 'train_loss': '2.174', 'entropy': '2', 'num_tokens': '2.512e+04', 'mean_token_accuracy': '0.5282', 'epoch': '0.7692'}
{'train_runtime': '14.46', 'train_samples_per_second': '11.07', 'train_steps_per_second': '0.692', 'train_loss': '3.001', 'entropy': '2.831', 'num_tokens': '3.794e+04', 'mean_token_accuracy': '0.3836', 'epoch': '0.7692'}
{'train_runtime': '12.64', 'train_samples_per_second': '12.66', 'train_steps_per_second': '0.791', 'train_loss': '2.172', 'entropy': '2.003', 'num_tokens': '2.512e+04', 'mean_token_accuracy': '0.5282', 'epoch': '0.7692'}
{'train_runtime': '6.778', 'train_samples_per_second': '23.61', 'train_steps_per_second': '1.475', 'train_loss': '1.768', 'entropy': '1.394', 'num_tokens': '2.402e+04', 'mean_token_accuracy': '0.6174', 'epoch': '0.7692'}
{'train_runtime': '5.484', 'train_samples_per_second': '29.18', 'train_steps_per_second': '1.824', 'train_loss': '1.03', 'entropy': '1.082', 'num_tokens': '1.518e+04', 'mean_token_accuracy': '0.715', 'epoch': '0.7692'}

----- seed 0 -----

[freerider_random] selected=5/5 corrupt=[1] seen_corrupt=[1]
  method        AUROC   Spearman/(b)   runtime   corrupt-rank
  (b)oracle     1.000        (truth)    519.3s   0/5
  Flirds        1.000         +1.000    104.5s   0/5
  Flirds1st     1.000         +1.000     34.2s   0/5
  GTG           1.000         +1.000    527.2s   0/5
  FedSV         1.000         +0.900    517.6s   0/5
  ShapleyFL     1.000         +1.000    519.1s   0/5
  Banzhaf       1.000         +1.000    521.0s   0/5
  loss-heur     1.000         +1.000    161.0s   0/5
  FLDetector    1.000                    22.2s   0/5
  STD-DAGMM     1.000                   204.2s   0/5
  FLTrust       1.000                    36.0s   0/5
  FedDQC        0.750                    24.3s   1/5
{'train_runtime': '6.859', 'train_samples_per_second': '23.33', 'train_steps_per_second': '1.458', 'train_loss': '1.751', 'entropy': '1.331', 'num_tokens': '2.385e+04', 'mean_token_accuracy': '0.6262', 'epoch': '0.7692'}
{'train_runtime': '17.78', 'train_samples_per_second': '8.999', 'train_steps_per_second': '0.562', 'train_loss': '2.981', 'entropy': '2.69', 'num_tokens': '5.405e+04', 'mean_token_accuracy': '0.3971', 'epoch': '0.7692'}
{'train_runtime': '13.3', 'train_samples_per_second': '12.03', 'train_steps_per_second': '0.752', 'train_loss': '3.047', 'entropy': '2.789', 'num_tokens': '3.487e+04', 'mean_token_accuracy': '0.381', 'epoch': '0.7692'}
{'train_runtime': '12.83', 'train_samples_per_second': '12.47', 'train_steps_per_second': '0.779', 'train_loss': '2.225', 'entropy': '1.979', 'num_tokens': '2.524e+04', 'mean_token_accuracy': '0.5255', 'epoch': '0.7692'}
{'train_runtime': '5.264', 'train_samples_per_second': '30.39', 'train_steps_per_second': '1.9', 'train_loss': '1.089', 'entropy': '1.111', 'num_tokens': '1.462e+04', 'mean_token_accuracy': '0.7098', 'epoch': '0.7692'}
{'train_runtime': '12.83', 'train_samples_per_second': '12.47', 'train_steps_per_second': '0.779', 'train_loss': '2.224', 'entropy': '1.983', 'num_tokens': '2.524e+04', 'mean_token_accuracy': '0.5253', 'epoch': '0.7692'}
{'train_runtime': '13.27', 'train_samples_per_second': '12.05', 'train_steps_per_second': '0.753', 'train_loss': '3.045', 'entropy': '2.793', 'num_tokens': '3.487e+04', 'mean_token_accuracy': '0.3811', 'epoch': '0.7692'}
{'train_runtime': '5.19', 'train_samples_per_second': '30.83', 'train_steps_per_second': '1.927', 'train_loss': '1.087', 'entropy': '1.112', 'num_tokens': '1.462e+04', 'mean_token_accuracy': '0.7102', 'epoch': '0.7692'}
{'train_runtime': '6.664', 'train_samples_per_second': '24.01', 'train_steps_per_second': '1.5', 'train_loss': '1.746', 'entropy': '1.334', 'num_tokens': '2.385e+04', 'mean_token_accuracy': '0.6265', 'epoch': '0.7692'}
{'train_runtime': '17.72', 'train_samples_per_second': '9.031', 'train_steps_per_second': '0.564', 'train_loss': '2.979', 'entropy': '2.695', 'num_tokens': '5.405e+04', 'mean_token_accuracy': '0.3976', 'epoch': '0.7692'}
{'train_runtime': '6.682', 'train_samples_per_second': '23.94', 'train_steps_per_second': '1.496', 'train_loss': '1.751', 'entropy': '1.331', 'num_tokens': '2.385e+04', 'mean_token_accuracy': '0.6262', 'epoch': '0.7692'}
{'train_runtime': '13.23', 'train_samples_per_second': '12.09', 'train_steps_per_second': '0.756', 'train_loss': '3.047', 'entropy': '2.789', 'num_tokens': '3.487e+04', 'mean_token_accuracy': '0.381', 'epoch': '0.7692'}
{'train_runtime': '12.79', 'train_samples_per_second': '12.51', 'train_steps_per_second': '0.782', 'train_loss': '2.225', 'entropy': '1.979', 'num_tokens': '2.524e+04', 'mean_token_accuracy': '0.5255', 'epoch': '0.7692'}
{'train_runtime': '5.175', 'train_samples_per_second': '30.92', 'train_steps_per_second': '1.932', 'train_loss': '1.089', 'entropy': '1.111', 'num_tokens': '1.462e+04', 'mean_token_accuracy': '0.7098', 'epoch': '0.7692'}
{'train_runtime': '12.78', 'train_samples_per_second': '12.52', 'train_steps_per_second': '0.782', 'train_loss': '2.224', 'entropy': '1.982', 'num_tokens': '2.524e+04', 'mean_token_accuracy': '0.5254', 'epoch': '0.7692'}
{'train_runtime': '13.24', 'train_samples_per_second': '12.09', 'train_steps_per_second': '0.756', 'train_loss': '3.045', 'entropy': '2.792', 'num_tokens': '3.487e+04', 'mean_token_accuracy': '0.3811', 'epoch': '0.7692'}
{'train_runtime': '5.221', 'train_samples_per_second': '30.64', 'train_steps_per_second': '1.915', 'train_loss': '1.087', 'entropy': '1.111', 'num_tokens': '1.462e+04', 'mean_token_accuracy': '0.7103', 'epoch': '0.7692'}
{'train_runtime': '6.673', 'train_samples_per_second': '23.98', 'train_steps_per_second': '1.499', 'train_loss': '1.747', 'entropy': '1.333', 'num_tokens': '2.385e+04', 'mean_token_accuracy': '0.6265', 'epoch': '0.7692'}
{'train_runtime': '5.172', 'train_samples_per_second': '30.93', 'train_steps_per_second': '1.933', 'train_loss': '1.085', 'entropy': '1.111', 'num_tokens': '1.462e+04', 'mean_token_accuracy': '0.7109', 'epoch': '0.7692'}
{'train_runtime': '13.24', 'train_samples_per_second': '12.09', 'train_steps_per_second': '0.755', 'train_loss': '3.044', 'entropy': '2.796', 'num_tokens': '3.487e+04', 'mean_token_accuracy': '0.3812', 'epoch': '0.7692'}
{'train_runtime': '6.703', 'train_samples_per_second': '23.87', 'train_steps_per_second': '1.492', 'train_loss': '1.742', 'entropy': '1.336', 'num_tokens': '2.385e+04', 'mean_token_accuracy': '0.6266', 'epoch': '0.7692'}
{'train_runtime': '12.79', 'train_samples_per_second': '12.51', 'train_steps_per_second': '0.782', 'train_loss': '2.223', 'entropy': '1.985', 'num_tokens': '2.524e+04', 'mean_token_accuracy': '0.5254', 'epoch': '0.7692'}
{'train_runtime': '6.676', 'train_samples_per_second': '23.97', 'train_steps_per_second': '1.498', 'train_loss': '1.738', 'entropy': '1.339', 'num_tokens': '2.385e+04', 'mean_token_accuracy': '0.6268', 'epoch': '0.7692'}
{'train_runtime': '13.23', 'train_samples_per_second': '12.1', 'train_steps_per_second': '0.756', 'train_loss': '3.043', 'entropy': '2.799', 'num_tokens': '3.487e+04', 'mean_token_accuracy': '0.3814', 'epoch': '0.7692'}
{'train_runtime': '12.78', 'train_samples_per_second': '12.52', 'train_steps_per_second': '0.783', 'train_loss': '2.222', 'entropy': '1.988', 'num_tokens': '2.524e+04', 'mean_token_accuracy': '0.5256', 'epoch': '0.7692'}
{'train_runtime': '5.181', 'train_samples_per_second': '30.88', 'train_steps_per_second': '1.93', 'train_loss': '1.083', 'entropy': '1.111', 'num_tokens': '1.462e+04', 'mean_token_accuracy': '0.7121', 'epoch': '0.7692'}
{'train_runtime': '13.22', 'train_samples_per_second': '12.1', 'train_steps_per_second': '0.756', 'train_loss': '3.042', 'entropy': '2.803', 'num_tokens': '3.487e+04', 'mean_token_accuracy': '0.3813', 'epoch': '0.7692'}
{'train_runtime': '6.682', 'train_samples_per_second': '23.94', 'train_steps_per_second': '1.497', 'train_loss': '1.733', 'entropy': '1.342', 'num_tokens': '2.385e+04', 'mean_token_accuracy': '0.6271', 'epoch': '0.7692'}
{'train_runtime': '5.176', 'train_samples_per_second': '30.91', 'train_steps_per_second': '1.932', 'train_loss': '1.081', 'entropy': '1.112', 'num_tokens': '1.462e+04', 'mean_token_accuracy': '0.7128', 'epoch': '0.7692'}
{'train_runtime': '12.78', 'train_samples_per_second': '12.52', 'train_steps_per_second': '0.783', 'train_loss': '2.22', 'entropy': '1.991', 'num_tokens': '2.524e+04', 'mean_token_accuracy': '0.5257', 'epoch': '0.7692'}
{'train_runtime': '12.78', 'train_samples_per_second': '12.52', 'train_steps_per_second': '0.783', 'train_loss': '2.219', 'entropy': '1.994', 'num_tokens': '2.524e+04', 'mean_token_accuracy': '0.526', 'epoch': '0.7692'}
{'train_runtime': '6.677', 'train_samples_per_second': '23.96', 'train_steps_per_second': '1.498', 'train_loss': '1.729', 'entropy': '1.345', 'num_tokens': '2.385e+04', 'mean_token_accuracy': '0.6272', 'epoch': '0.7692'}
{'train_runtime': '5.203', 'train_samples_per_second': '30.75', 'train_steps_per_second': '1.922', 'train_loss': '1.079', 'entropy': '1.112', 'num_tokens': '1.462e+04', 'mean_token_accuracy': '0.7136', 'epoch': '0.7692'}
{'train_runtime': '13.23', 'train_samples_per_second': '12.09', 'train_steps_per_second': '0.756', 'train_loss': '3.041', 'entropy': '2.806', 'num_tokens': '3.487e+04', 'mean_token_accuracy': '0.3815', 'epoch': '0.7692'}
{'train_runtime': '12.79', 'train_samples_per_second': '12.51', 'train_steps_per_second': '0.782', 'train_loss': '2.218', 'entropy': '1.997', 'num_tokens': '2.524e+04', 'mean_token_accuracy': '0.5261', 'epoch': '0.7692'}
{'train_runtime': '5.184', 'train_samples_per_second': '30.86', 'train_steps_per_second': '1.929', 'train_loss': '1.078', 'entropy': '1.112', 'num_tokens': '1.462e+04', 'mean_token_accuracy': '0.7139', 'epoch': '0.7692'}
{'train_runtime': '6.686', 'train_samples_per_second': '23.93', 'train_steps_per_second': '1.496', 'train_loss': '1.724', 'entropy': '1.347', 'num_tokens': '2.385e+04', 'mean_token_accuracy': '0.6278', 'epoch': '0.7692'}
{'train_runtime': '13.22', 'train_samples_per_second': '12.1', 'train_steps_per_second': '0.756', 'train_loss': '3.039', 'entropy': '2.81', 'num_tokens': '3.487e+04', 'mean_token_accuracy': '0.3817', 'epoch': '0.7692'}
{'train_runtime': '6.681', 'train_samples_per_second': '23.95', 'train_steps_per_second': '1.497', 'train_loss': '1.72', 'entropy': '1.35', 'num_tokens': '2.385e+04', 'mean_token_accuracy': '0.6289', 'epoch': '0.7692'}
{'train_runtime': '5.216', 'train_samples_per_second': '30.68', 'train_steps_per_second': '1.917', 'train_loss': '1.076', 'entropy': '1.112', 'num_tokens': '1.462e+04', 'mean_token_accuracy': '0.7147', 'epoch': '0.7692'}
{'train_runtime': '12.78', 'train_samples_per_second': '12.52', 'train_steps_per_second': '0.782', 'train_loss': '2.217', 'entropy': '2', 'num_tokens': '2.524e+04', 'mean_token_accuracy': '0.5267', 'epoch': '0.7692'}
{'train_runtime': '13.22', 'train_samples_per_second': '12.1', 'train_steps_per_second': '0.756', 'train_loss': '3.038', 'entropy': '2.813', 'num_tokens': '3.487e+04', 'mean_token_accuracy': '0.3819', 'epoch': '0.7692'}
{'train_runtime': '5.185', 'train_samples_per_second': '30.86', 'train_steps_per_second': '1.928', 'train_loss': '1.074', 'entropy': '1.112', 'num_tokens': '1.462e+04', 'mean_token_accuracy': '0.7156', 'epoch': '0.7692'}
{'train_runtime': '12.79', 'train_samples_per_second': '12.51', 'train_steps_per_second': '0.782', 'train_loss': '2.215', 'entropy': '2.003', 'num_tokens': '2.524e+04', 'mean_token_accuracy': '0.5267', 'epoch': '0.7692'}
{'train_runtime': '6.677', 'train_samples_per_second': '23.96', 'train_steps_per_second': '1.498', 'train_loss': '1.716', 'entropy': '1.353', 'num_tokens': '2.385e+04', 'mean_token_accuracy': '0.6288', 'epoch': '0.7692'}
{'train_runtime': '13.22', 'train_samples_per_second': '12.1', 'train_steps_per_second': '0.756', 'train_loss': '3.037', 'entropy': '2.817', 'num_tokens': '3.487e+04', 'mean_token_accuracy': '0.3821', 'epoch': '0.7692'}
{'train_runtime': '13.22', 'train_samples_per_second': '12.1', 'train_steps_per_second': '0.756', 'train_loss': '3.036', 'entropy': '2.821', 'num_tokens': '3.487e+04', 'mean_token_accuracy': '0.3822', 'epoch': '0.7692'}
{'train_runtime': '5.184', 'train_samples_per_second': '30.86', 'train_steps_per_second': '1.929', 'train_loss': '1.072', 'entropy': '1.113', 'num_tokens': '1.462e+04', 'mean_token_accuracy': '0.7156', 'epoch': '0.7692'}
{'train_runtime': '6.674', 'train_samples_per_second': '23.97', 'train_steps_per_second': '1.498', 'train_loss': '1.711', 'entropy': '1.356', 'num_tokens': '2.385e+04', 'mean_token_accuracy': '0.6294', 'epoch': '0.7692'}
{'train_runtime': '12.79', 'train_samples_per_second': '12.51', 'train_steps_per_second': '0.782', 'train_loss': '2.214', 'entropy': '2.007', 'num_tokens': '2.524e+04', 'mean_token_accuracy': '0.5273', 'epoch': '0.7692'}

----- seed 1 -----

[freerider_random] selected=5/5 corrupt=[1] seen_corrupt=[1]
  method        AUROC   Spearman/(b)   runtime   corrupt-rank
  (b)oracle     1.000        (truth)    540.0s   0/5
  Flirds        1.000         +1.000    107.7s   0/5
  Flirds1st     1.000         +1.000     35.6s   0/5
  GTG           1.000         +1.000    544.2s   0/5
  FedSV         1.000         +1.000    534.2s   0/5
  ShapleyFL     1.000         +1.000    537.3s   0/5
  Banzhaf       1.000         +1.000    540.3s   0/5
  loss-heur     1.000         +1.000    166.4s   0/5
  FLDetector    1.000                    22.0s   0/5
  STD-DAGMM     1.000                    96.8s   0/5
  FLTrust       1.000                    36.2s   0/5
  FedDQC        0.750                    22.0s   1/5
{'train_runtime': '13.65', 'train_samples_per_second': '11.72', 'train_steps_per_second': '0.732', 'train_loss': '1.957', 'entropy': '1.752', 'num_tokens': '2.65e+04', 'mean_token_accuracy': '0.5787', 'epoch': '0.7692'}
{'train_runtime': '5.359', 'train_samples_per_second': '29.85', 'train_steps_per_second': '1.866', 'train_loss': '1.071', 'entropy': '1.098', 'num_tokens': '1.636e+04', 'mean_token_accuracy': '0.707', 'epoch': '0.7692'}
{'train_runtime': '17.45', 'train_samples_per_second': '9.171', 'train_steps_per_second': '0.573', 'train_loss': '2.914', 'entropy': '2.607', 'num_tokens': '5.79e+04', 'mean_token_accuracy': '0.413', 'epoch': '0.7692'}
{'train_runtime': '6.439', 'train_samples_per_second': '24.85', 'train_steps_per_second': '1.553', 'train_loss': '1.782', 'entropy': '1.358', 'num_tokens': '2.386e+04', 'mean_token_accuracy': '0.6199', 'epoch': '0.7692'}
{'train_runtime': '11.93', 'train_samples_per_second': '13.41', 'train_steps_per_second': '0.838', 'train_loss': '3.016', 'entropy': '2.755', 'num_tokens': '3.362e+04', 'mean_token_accuracy': '0.3794', 'epoch': '0.7692'}
{'train_runtime': '17.39', 'train_samples_per_second': '9.199', 'train_steps_per_second': '0.575', 'train_loss': '2.912', 'entropy': '2.612', 'num_tokens': '5.79e+04', 'mean_token_accuracy': '0.4135', 'epoch': '0.7692'}
{'train_runtime': '6.365', 'train_samples_per_second': '25.14', 'train_steps_per_second': '1.571', 'train_loss': '1.777', 'entropy': '1.361', 'num_tokens': '2.386e+04', 'mean_token_accuracy': '0.6198', 'epoch': '0.7692'}
{'train_runtime': '11.89', 'train_samples_per_second': '13.46', 'train_steps_per_second': '0.841', 'train_loss': '3.014', 'entropy': '2.76', 'num_tokens': '3.362e+04', 'mean_token_accuracy': '0.3796', 'epoch': '0.7692'}
{'train_runtime': '5.301', 'train_samples_per_second': '30.18', 'train_steps_per_second': '1.886', 'train_loss': '1.069', 'entropy': '1.099', 'num_tokens': '1.636e+04', 'mean_token_accuracy': '0.7073', 'epoch': '0.7692'}
{'train_runtime': '13.59', 'train_samples_per_second': '11.77', 'train_steps_per_second': '0.736', 'train_loss': '1.956', 'entropy': '1.756', 'num_tokens': '2.65e+04', 'mean_token_accuracy': '0.579', 'epoch': '0.7692'}
{'train_runtime': '13.62', 'train_samples_per_second': '11.75', 'train_steps_per_second': '0.734', 'train_loss': '1.957', 'entropy': '1.752', 'num_tokens': '2.65e+04', 'mean_token_accuracy': '0.5787', 'epoch': '0.7692'}
{'train_runtime': '5.308', 'train_samples_per_second': '30.14', 'train_steps_per_second': '1.884', 'train_loss': '1.071', 'entropy': '1.098', 'num_tokens': '1.636e+04', 'mean_token_accuracy': '0.707', 'epoch': '0.7692'}
{'train_runtime': '6.383', 'train_samples_per_second': '25.07', 'train_steps_per_second': '1.567', 'train_loss': '1.782', 'entropy': '1.358', 'num_tokens': '2.386e+04', 'mean_token_accuracy': '0.6199', 'epoch': '0.7692'}
{'train_runtime': '11.89', 'train_samples_per_second': '13.46', 'train_steps_per_second': '0.841', 'train_loss': '3.016', 'entropy': '2.755', 'num_tokens': '3.362e+04', 'mean_token_accuracy': '0.3794', 'epoch': '0.7692'}
{'train_runtime': '6.366', 'train_samples_per_second': '25.13', 'train_steps_per_second': '1.571', 'train_loss': '1.777', 'entropy': '1.36', 'num_tokens': '2.386e+04', 'mean_token_accuracy': '0.6199', 'epoch': '0.7692'}
{'train_runtime': '11.85', 'train_samples_per_second': '13.5', 'train_steps_per_second': '0.844', 'train_loss': '3.014', 'entropy': '2.759', 'num_tokens': '3.362e+04', 'mean_token_accuracy': '0.3796', 'epoch': '0.7692'}
{'train_runtime': '5.289', 'train_samples_per_second': '30.25', 'train_steps_per_second': '1.891', 'train_loss': '1.069', 'entropy': '1.098', 'num_tokens': '1.636e+04', 'mean_token_accuracy': '0.7076', 'epoch': '0.7692'}
{'train_runtime': '13.61', 'train_samples_per_second': '11.76', 'train_steps_per_second': '0.735', 'train_loss': '1.956', 'entropy': '1.755', 'num_tokens': '2.65e+04', 'mean_token_accuracy': '0.579', 'epoch': '0.7692'}
{'train_runtime': '13.63', 'train_samples_per_second': '11.74', 'train_steps_per_second': '0.734', 'train_loss': '1.955', 'entropy': '1.757', 'num_tokens': '2.65e+04', 'mean_token_accuracy': '0.5791', 'epoch': '0.7692'}
{'train_runtime': '6.366', 'train_samples_per_second': '25.13', 'train_steps_per_second': '1.571', 'train_loss': '1.772', 'entropy': '1.363', 'num_tokens': '2.386e+04', 'mean_token_accuracy': '0.6202', 'epoch': '0.7692'}
{'train_runtime': '5.316', 'train_samples_per_second': '30.1', 'train_steps_per_second': '1.881', 'train_loss': '1.068', 'entropy': '1.098', 'num_tokens': '1.636e+04', 'mean_token_accuracy': '0.7075', 'epoch': '0.7692'}
{'train_runtime': '11.89', 'train_samples_per_second': '13.46', 'train_steps_per_second': '0.841', 'train_loss': '3.013', 'entropy': '2.762', 'num_tokens': '3.362e+04', 'mean_token_accuracy': '0.3798', 'epoch': '0.7692'}
{'train_runtime': '11.92', 'train_samples_per_second': '13.42', 'train_steps_per_second': '0.839', 'train_loss': '3.012', 'entropy': '2.765', 'num_tokens': '3.362e+04', 'mean_token_accuracy': '0.38', 'epoch': '0.7692'}
{'train_runtime': '6.409', 'train_samples_per_second': '24.96', 'train_steps_per_second': '1.56', 'train_loss': '1.768', 'entropy': '1.365', 'num_tokens': '2.386e+04', 'mean_token_accuracy': '0.6209', 'epoch': '0.7692'}
{'train_runtime': '5.3', 'train_samples_per_second': '30.19', 'train_steps_per_second': '1.887', 'train_loss': '1.066', 'entropy': '1.098', 'num_tokens': '1.636e+04', 'mean_token_accuracy': '0.7079', 'epoch': '0.7692'}
{'train_runtime': '13.61', 'train_samples_per_second': '11.75', 'train_steps_per_second': '0.735', 'train_loss': '1.954', 'entropy': '1.76', 'num_tokens': '2.65e+04', 'mean_token_accuracy': '0.5795', 'epoch': '0.7692'}
{'train_runtime': '6.377', 'train_samples_per_second': '25.09', 'train_steps_per_second': '1.568', 'train_loss': '1.763', 'entropy': '1.367', 'num_tokens': '2.386e+04', 'mean_token_accuracy': '0.6218', 'epoch': '0.7692'}
{'train_runtime': '11.9', 'train_samples_per_second': '13.45', 'train_steps_per_second': '0.84', 'train_loss': '3.011', 'entropy': '2.768', 'num_tokens': '3.362e+04', 'mean_token_accuracy': '0.38', 'epoch': '0.7692'}
{'train_runtime': '5.293', 'train_samples_per_second': '30.23', 'train_steps_per_second': '1.889', 'train_loss': '1.065', 'entropy': '1.098', 'num_tokens': '1.636e+04', 'mean_token_accuracy': '0.7084', 'epoch': '0.7692'}
{'train_runtime': '13.61', 'train_samples_per_second': '11.76', 'train_steps_per_second': '0.735', 'train_loss': '1.953', 'entropy': '1.762', 'num_tokens': '2.65e+04', 'mean_token_accuracy': '0.5794', 'epoch': '0.7692'}
{'train_runtime': '5.294', 'train_samples_per_second': '30.22', 'train_steps_per_second': '1.889', 'train_loss': '1.063', 'entropy': '1.097', 'num_tokens': '1.636e+04', 'mean_token_accuracy': '0.7088', 'epoch': '0.7692'}
{'train_runtime': '11.89', 'train_samples_per_second': '13.46', 'train_steps_per_second': '0.841', 'train_loss': '3.01', 'entropy': '2.772', 'num_tokens': '3.362e+04', 'mean_token_accuracy': '0.38', 'epoch': '0.7692'}
{'train_runtime': '13.59', 'train_samples_per_second': '11.78', 'train_steps_per_second': '0.736', 'train_loss': '1.952', 'entropy': '1.765', 'num_tokens': '2.65e+04', 'mean_token_accuracy': '0.5798', 'epoch': '0.7692'}
{'train_runtime': '6.376', 'train_samples_per_second': '25.09', 'train_steps_per_second': '1.568', 'train_loss': '1.758', 'entropy': '1.37', 'num_tokens': '2.386e+04', 'mean_token_accuracy': '0.622', 'epoch': '0.7692'}
{'train_runtime': '5.296', 'train_samples_per_second': '30.21', 'train_steps_per_second': '1.888', 'train_loss': '1.061', 'entropy': '1.097', 'num_tokens': '1.636e+04', 'mean_token_accuracy': '0.7095', 'epoch': '0.7692'}
{'train_runtime': '11.87', 'train_samples_per_second': '13.48', 'train_steps_per_second': '0.843', 'train_loss': '3.008', 'entropy': '2.775', 'num_tokens': '3.362e+04', 'mean_token_accuracy': '0.3804', 'epoch': '0.7692'}
{'train_runtime': '6.367', 'train_samples_per_second': '25.13', 'train_steps_per_second': '1.571', 'train_loss': '1.753', 'entropy': '1.372', 'num_tokens': '2.386e+04', 'mean_token_accuracy': '0.6226', 'epoch': '0.7692'}
{'train_runtime': '13.6', 'train_samples_per_second': '11.76', 'train_steps_per_second': '0.735', 'train_loss': '1.95', 'entropy': '1.768', 'num_tokens': '2.65e+04', 'mean_token_accuracy': '0.5801', 'epoch': '0.7692'}
{'train_runtime': '6.377', 'train_samples_per_second': '25.09', 'train_steps_per_second': '1.568', 'train_loss': '1.748', 'entropy': '1.375', 'num_tokens': '2.386e+04', 'mean_token_accuracy': '0.623', 'epoch': '0.7692'}
{'train_runtime': '11.87', 'train_samples_per_second': '13.48', 'train_steps_per_second': '0.842', 'train_loss': '3.007', 'entropy': '2.779', 'num_tokens': '3.362e+04', 'mean_token_accuracy': '0.3805', 'epoch': '0.7692'}
{'train_runtime': '5.288', 'train_samples_per_second': '30.26', 'train_steps_per_second': '1.891', 'train_loss': '1.06', 'entropy': '1.097', 'num_tokens': '1.636e+04', 'mean_token_accuracy': '0.7105', 'epoch': '0.7692'}
{'train_runtime': '13.6', 'train_samples_per_second': '11.76', 'train_steps_per_second': '0.735', 'train_loss': '1.949', 'entropy': '1.77', 'num_tokens': '2.65e+04', 'mean_token_accuracy': '0.5804', 'epoch': '0.7692'}
{'train_runtime': '6.356', 'train_samples_per_second': '25.17', 'train_steps_per_second': '1.573', 'train_loss': '1.743', 'entropy': '1.377', 'num_tokens': '2.386e+04', 'mean_token_accuracy': '0.6234', 'epoch': '0.7692'}
{'train_runtime': '5.304', 'train_samples_per_second': '30.17', 'train_steps_per_second': '1.885', 'train_loss': '1.058', 'entropy': '1.097', 'num_tokens': '1.636e+04', 'mean_token_accuracy': '0.711', 'epoch': '0.7692'}
{'train_runtime': '13.59', 'train_samples_per_second': '11.77', 'train_steps_per_second': '0.736', 'train_loss': '1.948', 'entropy': '1.773', 'num_tokens': '2.65e+04', 'mean_token_accuracy': '0.5807', 'epoch': '0.7692'}
{'train_runtime': '11.88', 'train_samples_per_second': '13.47', 'train_steps_per_second': '0.842', 'train_loss': '3.006', 'entropy': '2.782', 'num_tokens': '3.362e+04', 'mean_token_accuracy': '0.3806', 'epoch': '0.7692'}
{'train_runtime': '13.6', 'train_samples_per_second': '11.76', 'train_steps_per_second': '0.735', 'train_loss': '1.946', 'entropy': '1.776', 'num_tokens': '2.65e+04', 'mean_token_accuracy': '0.5808', 'epoch': '0.7692'}
{'train_runtime': '5.302', 'train_samples_per_second': '30.18', 'train_steps_per_second': '1.886', 'train_loss': '1.056', 'entropy': '1.097', 'num_tokens': '1.636e+04', 'mean_token_accuracy': '0.7115', 'epoch': '0.7692'}
{'train_runtime': '6.356', 'train_samples_per_second': '25.17', 'train_steps_per_second': '1.573', 'train_loss': '1.739', 'entropy': '1.38', 'num_tokens': '2.386e+04', 'mean_token_accuracy': '0.6237', 'epoch': '0.7692'}
{'train_runtime': '11.86', 'train_samples_per_second': '13.49', 'train_steps_per_second': '0.843', 'train_loss': '3.005', 'entropy': '2.786', 'num_tokens': '3.362e+04', 'mean_token_accuracy': '0.3809', 'epoch': '0.7692'}

----- seed 2 -----

[freerider_random] selected=5/5 corrupt=[1] seen_corrupt=[1]
  method        AUROC   Spearman/(b)   runtime   corrupt-rank
  (b)oracle     1.000        (truth)    536.7s   0/5
  Flirds        1.000         +1.000    107.6s   0/5
  Flirds1st     1.000         +1.000     35.3s   0/5
  GTG           1.000         +0.900    543.1s   0/5
  FedSV         1.000         +1.000    548.4s   0/5
  ShapleyFL     1.000         +1.000    536.5s   0/5
  Banzhaf       1.000         +1.000    539.8s   0/5
  loss-heur     1.000         +1.000    166.2s   0/5
  FLDetector    1.000                    21.6s   0/5
  STD-DAGMM     1.000                    91.2s   0/5
  FLTrust       1.000                    35.9s   0/5
  FedDQC        0.750                    21.9s   1/5

=== aggregate (mean+/-std over 3 seeds) ===

[freerider_random]
  (b)oracle   AUROC=1.000+/-0.000  runtime=532.0s
  Flirds      AUROC=1.000+/-0.000  Spearman=+1.000+/-0.000  runtime=106.6s
  Flirds1st   AUROC=1.000+/-0.000  Spearman=+1.000+/-0.000  runtime=35.0s
  GTG         AUROC=1.000+/-0.000  Spearman=+0.967+/-0.047  runtime=538.2s
  FedSV       AUROC=1.000+/-0.000  Spearman=+0.967+/-0.047  runtime=533.4s
  ShapleyFL   AUROC=1.000+/-0.000  Spearman=+1.000+/-0.000  runtime=531.0s
  Banzhaf     AUROC=1.000+/-0.000  Spearman=+1.000+/-0.000  runtime=533.7s
  loss-heur   AUROC=1.000+/-0.000  Spearman=+1.000+/-0.000  runtime=164.5s
  FLDetector  AUROC=1.000+/-0.000  runtime=21.9s
  STD-DAGMM   AUROC=1.000+/-0.000  runtime=130.7s
  FLTrust     AUROC=1.000+/-0.000  runtime=36.0s
  FedDQC      AUROC=0.750+/-0.000  runtime=22.7s

MATRIX DONE  (matched detector should top AUROC on-threat; Flirds/valuation track the (b) oracle; off-threat detectors degrade -- the §3.9 separation story).
